2026-09-20 10:14:15,219 [INFO] ============================================================
2026-09-20 10:14:15,219 [INFO] COPERNICUS DEM GLO-30 DOWNLOADER & VALIDATOR
2026-09-20 10:14:15,219 [INFO] Target Region: North=29.5, South=21.8, West=88.0, East=97.5
2026-09-20 10:14:15,219 [INFO] Target Directory: /app/applet/data/external/copernicus_dem
2026-09-20 10:14:15,219 [INFO] ============================================================
2026-09-20 10:14:15,219 [INFO] Total required tiles: 90
2026-09-20 10:14:15,219 [INFO] Starting downloads with 5 parallel workers...
2026-09-20 10:14:15,220 [INFO] [DOWNLOADING] Copernicus_DSM_COG_10_N21_00_E088_00_DEM (Attempt 1/3)...
2026-09-20 10:14:15,223 [INFO] [DOWNLOADING] Copernicus_DSM_COG_10_N21_00_E089_00_DEM (Attempt 1/3)...
2026-09-20 10:14:15,225 [INFO] [DOWNLOADING] Copernicus_DSM_COG_10_N21_00_E090_00_DEM (Attempt 1/3)...
2026-09-20 10:14:15,228 [INFO] [DOWNLOADING] Copernicus_DSM_COG_10_N21_00_E091_00_DEM (Attempt 1/3)...
2026-09-20 10:14:15,230 [INFO] [DOWNLOADING] Copernicus_DSM_COG_10_N21_00_E092_00_DEM (Attempt 1/3)...
2026-09-20 10:14:20,415 [INFO] [SUCCESS] Copernicus_DSM_COG_10_N21_00_E090_00_DEM.tif (4.69 MB, elev -6.7m - 36.2m)
2026-09-20 10:14:20,416 [INFO] [DOWNLOADING] Copernicus_DSM_COG_10_N21_00_E093_00_DEM (Attempt 1/3)...
2026-09-20 10:14:23,712 [INFO] [SUCCESS] Copernicus_DSM_COG_10_N21_00_E089_00_DEM.tif (8.55 MB, elev -4.8m - 32.4m)
2026-09-20 10:14:23,713 [INFO] [DOWNLOADING] Copernicus_DSM_COG_10_N21_00_E094_00_DEM (Attempt 1/3)...
2026-09-20 10:14:26,982 [INFO] [SUCCESS] Copernicus_DSM_COG_10_N21_00_E091_00_DEM.tif (3.69 MB, elev -3.0m - 95.4m)
2026-09-20 10:14:26,983 [INFO] [DOWNLOADING] Copernicus_DSM_COG_10_N21_00_E095_00_DEM (Attempt 1/3)...
2026-09-20 10:14:30,712 [INFO] [SUCCESS] Copernicus_DSM_COG_10_N21_00_E088_00_DEM.tif (14.12 MB, elev -11.2m - 22.0m)
2026-09-20 10:14:30,714 [INFO] [DOWNLOADING] Copernicus_DSM_COG_10_N21_00_E096_00_DEM (Attempt 1/3)...
2026-09-20 10:14:50,928 [INFO] [SUCCESS] Copernicus_DSM_COG_10_N21_00_E094_00_DEM.tif (42.99 MB, elev 43.7m - 2436.4m)
2026-09-20 10:14:50,929 [INFO] [DOWNLOADING] Copernicus_DSM_COG_10_N21_00_E097_00_DEM (Attempt 1/3)...
2026-09-20 10:15:09,196 [INFO] [SUCCESS] Copernicus_DSM_COG_10_N21_00_E093_00_DEM.tif (44.27 MB, elev 0.5m - 3077.3m)
2026-09-20 10:15:09,198 [INFO] [DOWNLOADING] Copernicus_DSM_COG_10_N22_00_E088_00_DEM (Attempt 1/3)...
2026-09-20 10:15:18,814 [INFO] [SUCCESS] Copernicus_DSM_COG_10_N21_00_E092_00_DEM.tif (48.31 MB, elev -15.3m - 1210.7m)
2026-09-20 10:15:18,816 [INFO] [DOWNLOADING] Copernicus_DSM_COG_10_N22_00_E089_00_DEM (Attempt 1/3)...
2026-09-20 10:15:18,942 [INFO] [SUCCESS] Copernicus_DSM_COG_10_N21_00_E096_00_DEM.tif (42.21 MB, elev 59.3m - 2366.5m)
2026-09-20 10:15:18,943 [INFO] [DOWNLOADING] Copernicus_DSM_COG_10_N22_00_E090_00_DEM (Attempt 1/3)...
2026-09-20 10:15:21,366 [INFO] [SUCCESS] Copernicus_DSM_COG_10_N21_00_E095_00_DEM.tif (41.19 MB, elev 52.0m - 540.5m)
2026-09-20 10:15:21,368 [INFO] [DOWNLOADING] Copernicus_DSM_COG_10_N22_00_E091_00_DEM (Attempt 1/3)...
2026-09-20 10:15:26,777 [INFO] [SUCCESS] Copernicus_DSM_COG_10_N21_00_E097_00_DEM.tif (40.21 MB, elev 568.0m - 2435.5m)
2026-09-20 10:15:26,779 [INFO] [DOWNLOADING] Copernicus_DSM_COG_10_N22_00_E092_00_DEM (Attempt 1/3)...
2026-09-20 10:15:48,261 [INFO] [SUCCESS] Copernicus_DSM_COG_10_N22_00_E091_00_DEM.tif (31.53 MB, elev -10.6m - 556.3m)
2026-09-20 10:15:48,262 [INFO] [DOWNLOADING] Copernicus_DSM_COG_10_N22_00_E093_00_DEM (Attempt 1/3)...
2026-09-20 10:15:50,427 [INFO] [SUCCESS] Copernicus_DSM_COG_10_N22_00_E088_00_DEM.tif (48.19 MB, elev -8.5m - 38.9m)
2026-09-20 10:15:50,429 [INFO] [DOWNLOADING] Copernicus_DSM_COG_10_N22_00_E094_00_DEM (Attempt 1/3)...
2026-09-20 10:16:00,626 [INFO] [SUCCESS] Copernicus_DSM_COG_10_N22_00_E090_00_DEM.tif (42.42 MB, elev -1.7m - 29.5m)
2026-09-20 10:16:00,627 [INFO] [DOWNLOADING] Copernicus_DSM_COG_10_N22_00_E095_00_DEM (Attempt 1/3)...
2026-09-20 10:16:19,420 [INFO] [SUCCESS] Copernicus_DSM_COG_10_N22_00_E094_00_DEM.tif (43.59 MB, elev 73.0m - 1353.6m)
2026-09-20 10:16:19,421 [INFO] [DOWNLOADING] Copernicus_DSM_COG_10_N22_00_E096_00_DEM (Attempt 1/3)...
2026-09-20 10:16:25,477 [INFO] [SUCCESS] Copernicus_DSM_COG_10_N22_00_E095_00_DEM.tif (41.6 MB, elev -76.0m - 510.2m)
2026-09-20 10:16:25,479 [INFO] [DOWNLOADING] Copernicus_DSM_COG_10_N22_00_E097_00_DEM (Attempt 1/3)...
2026-09-20 10:16:30,067 [INFO] [SUCCESS] Copernicus_DSM_COG_10_N22_00_E089_00_DEM.tif (45.78 MB, elev -7.0m - 28.2m)
2026-09-20 10:16:30,068 [INFO] [DOWNLOADING] Copernicus_DSM_COG_10_N23_00_E088_00_DEM (Attempt 1/3)...
2026-09-20 10:16:32,631 [INFO] [SUCCESS] Copernicus_DSM_COG_10_N22_00_E093_00_DEM.tif (43.08 MB, elev 153.3m - 2754.7m)
2026-09-20 10:16:32,632 [INFO] [DOWNLOADING] Copernicus_DSM_COG_10_N23_00_E089_00_DEM (Attempt 1/3)...
2026-09-20 10:16:36,420 [INFO] [SUCCESS] Copernicus_DSM_COG_10_N22_00_E092_00_DEM.tif (47.54 MB, elev -0.4m - 1684.1m)
2026-09-20 10:16:36,421 [INFO] [DOWNLOADING] Copernicus_DSM_COG_10_N23_00_E090_00_DEM (Attempt 1/3)...
2026-09-20 10:16:44,540 [INFO] [SUCCESS] Copernicus_DSM_COG_10_N22_00_E096_00_DEM.tif (42.41 MB, elev 59.5m - 2266.5m)
2026-09-20 10:16:44,542 [INFO] [DOWNLOADING] Copernicus_DSM_COG_10_N23_00_E091_00_DEM (Attempt 1/3)...
2026-09-20 10:16:57,549 [INFO] [SUCCESS] Copernicus_DSM_COG_10_N22_00_E097_00_DEM.tif (41.67 MB, elev 325.0m - 2092.4m)
2026-09-20 10:16:57,551 [INFO] [DOWNLOADING] Copernicus_DSM_COG_10_N23_00_E092_00_DEM (Attempt 1/3)...
2026-09-20 10:17:18,582 [INFO] [SUCCESS] Copernicus_DSM_COG_10_N23_00_E091_00_DEM.tif (50.13 MB, elev -12.0m - 514.7m)
2026-09-20 10:17:18,584 [INFO] [DOWNLOADING] Copernicus_DSM_COG_10_N23_00_E093_00_DEM (Attempt 1/3)...
